// Jest Snapshot v1, https://goo.gl/fbAQLP

exports[`renders 1`] = `
<DocumentFragment>
  <div>
    <nav
      aria-label="main navigation"
      class="navbar is-dark"
      role="navigation"
    >
      <section
        class="container"
      >
        <div
          class="navbar-brand"
        >
          <a
            class="navbar-item nav-title"
            href="/"
            style="font-weight: bold;"
          >
            Sentimental
          </a>
          <span
            class="nav-toggle navbar-burger"
          >
            <span />
            <span />
            <span />
          </span>
        </div>
        <div
          class="navbar-menu"
        >
          <div
            class="navbar-end"
          >
            <a
              class="navbar-item"
              data-testid="nav-register"
              href="/register"
            >
              Register
            </a>
            <a
              class="navbar-item"
              data-testid="nav-login"
              href="/login"
            >
              Log-In
            </a>
          </div>
        </div>
      </section>
    </nav>
    <section
      class="section"
    >
      <div
        class="container"
      >
        <div
          class="columns"
        >
          <div
            class="column is-half"
          >
            <br />
            <div>
              <h1
                class="title is-1"
              >
                Sentimental
              </h1>
              <hr />
              <br />
              <p
                class="content"
              >
                With the advent of Machine Learning, the filed of sentiment analysis has become somewhat trivial. You can find pre-made solutions to find sentiment of a word in a given text. We built upon this functionality and made this system.
              </p>
              <p
                class="content"
              >
                Sentimental is a platform where a user can come and serach for a 
                <strong>
                  sentiment analysis
                </strong>
                 on a given 
                <strong>
                  keyword
                </strong>
                . After he has finalized his choice, he will be shown the analysis for that word by choosing the corpus from
                <strong>
                  one or more of the social media platorms
                </strong>
                . Currently we support the following platforms to fetch data from
              </p>
              <div
                class="list is-hoverable"
              >
                <a
                  class="list-item"
                  href="https://twitter.com"
                  rel="noopener noreferrer"
                  target="_blank"
                >
                  Twitter
                </a>
              </div>
              <p
                class="content"
              >
                As and when our infrastructure grows we will be using other platforms to include more diverse sentiments.
              </p>
            </div>
          </div>
        </div>
      </div>
    </section>
  </div>
</DocumentFragment>
`;
