// Jest Snapshot v1, https://goo.gl/fbAQLP

exports[`renders 1`] = `
<DocumentFragment>
  <div>
    <table
      class="table is-hoverable is-fullwidth"
    >
      <thead>
        <tr>
          <th>
            Email
          </th>
          <th>
            Username
          </th>
          <th />
        </tr>
      </thead>
      <tbody>
        <tr>
          <td>
            test_user_one@mail.com
          </td>
          <td
            class="username"
          >
            test_user_one
          </td>
          <td>
            <button
              class="button is-danger is-small"
            >
              Delete
            </button>
          </td>
        </tr>
        <tr>
          <td>
            test_user_two@mail.com
          </td>
          <td
            class="username"
          >
            test_user_two
          </td>
          <td>
            <button
              class="button is-danger is-small"
            >
              Delete
            </button>
          </td>
        </tr>
      </tbody>
    </table>
  </div>
</DocumentFragment>
`;
